........................................................................ [ 66%]
.....................................                                    [100%]
109 passed in 16.24s
